../Core/Src/main.c:97:5:main	8	static
../Core/Src/main.c:185:6:SystemClock_Config	96	static
../Core/Src/main.c:246:13:MX_I2C1_Init	8	static
../Core/Src/main.c:294:13:MX_USART1_UART_Init	8	static
../Core/Src/main.c:329:13:MX_USART2_UART_Init	8	static
../Core/Src/main.c:364:13:MX_GPIO_Init	40	static
../Core/Src/main.c:400:6:StartTempTask	40	static
../Core/Src/main.c:440:6:TransmitTask	48	static
../Core/Src/main.c:471:6:HAL_TIM_PeriodElapsedCallback	16	static
../Core/Src/main.c:488:6:Error_Handler	4	static,ignoring_inline_asm
